Using the following dictionaries: au
color
colour
devo
