Using the following dictionaries: ca
color
colour
yogourt
